The quick brown fox jumps over the lazy dog. This is a classic pangram used
for testing typefaces and keyboards. It contains every letter of the English
alphabet at least once. Programmers have used this sentence for decades when
they needed sample text of no particular importance for a demonstration.
